[Licensing::Module] Trying to connect to existing licensing client channel...
Built from '6000.4/staging' branch; Version is '6000.4.4f1 (360f97ecca93) revision 3542935'; Using compiler version '194234433'; Build Type 'Release'
OS: 'Windows 11  (10.0.26200) Core' Language: 'ja' Physical Memory: 16107 MB
[Licensing::IpcConnector] Successfully connected to: "LicenseClient-Srs_i" at "2026-06-12T13:57:21.6771569Z"
BatchMode: 1, IsHumanControllingUs: 0, StartBugReporterOnCrash: 0, Is64bit: 1
System  architecture: x64
Process architecture: x64
Date: 2026-06-12T13:57:21Z

COMMAND LINE ARGUMENTS:
C:\Program Files\Unity\Hub\Editor\6000.4.4f1\Editor\Unity.exe
-adb2
-batchMode
-noUpm
-name
AssetImportWorker3
-projectPath
C:/Users/Srs_i/game/never-land/never_land/never_land
-logFile
Logs/AssetImportWorker3.log
-srvPort
58632
-force-d3d12
-job-worker-count
7
-background-job-worker-count
8
-gc-helper-count
1
-name
AssetImport
Successfully changed project path to: C:/Users/Srs_i/game/never-land/never_land/never_land
C:/Users/Srs_i/game/never-land/never_land/never_land
[UnityMemory] Configuration Parameters - Can be set up in boot.config
    "memorysetup-temp-allocator-size-gi-baking-worker=262144"
    "memorysetup-temp-allocator-size-gi-baking-worker=262144"
    "memorysetup-temp-allocator-size-gi-baking-worker=262144"
    "memorysetup-temp-allocator-size-gi-baking-worker=262144"
    "memorysetup-temp-allocator-size-gi-baking-worker=262144"
    "memorysetup-temp-allocator-size-nav-mesh-worker=65536"
    "memorysetup-temp-allocator-size-audio-worker=65536"
    "memorysetup-temp-allocator-size-cloud-worker=32768"
    "memorysetup-temp-allocator-size-gfx=262144"
    "memorysetup-temp-allocator-size-preload-manager=33554432"
    "memorysetup-temp-allocator-size-job-worker=262144"
    "memorysetup-temp-allocator-size-background-worker=32768"
    "memorysetup-allocator-temp-initial-block-size-main=262144"
    "memorysetup-allocator-temp-initial-block-size-worker=262144"
    "memorysetup-bucket-allocator-granularity=16"
    "memorysetup-bucket-allocator-bucket-count=8"
    "memorysetup-bucket-allocator-block-size=33554432"
    "memorysetup-bucket-allocator-block-count=8"
    "memorysetup-main-allocator-block-size=16777216"
    "memorysetup-thread-allocator-block-size=16777216"
    "memorysetup-gfx-main-allocator-block-size=16777216"
    "memorysetup-gfx-thread-allocator-block-size=16777216"
    "memorysetup-cache-allocator-block-size=4194304"
    "memorysetup-typetree-allocator-block-size=2097152"
    "memorysetup-profiler-bucket-allocator-granularity=16"
    "memorysetup-profiler-bucket-allocator-bucket-count=8"
    "memorysetup-profiler-bucket-allocator-block-size=33554432"
    "memorysetup-profiler-bucket-allocator-block-count=8"
    "memorysetup-profiler-allocator-block-size=16777216"
    "memorysetup-profiler-editor-allocator-block-size=1048576"
    "memorysetup-temp-allocator-size-main=16777216"
    "memorysetup-job-temp-allocator-block-size=2097152"
    "memorysetup-job-temp-allocator-block-size-background=1048576"
    "memorysetup-job-temp-allocator-reduction-small-platforms=262144"
Player connection [20996]  Target information:

Player connection [20996]  * "[IP] 172.19.144.1 [Port] 0 [Flags] 2 [Guid] 1226254258 [EditorId] 1226254258 [Version] 1048832 [Id] WindowsEditor(7,note-PC) [Debug] 1 [PackageName] WindowsEditor [ProjectName] Editor" 

Player connection [20996]  * "[IP] 192.168.11.9 [Port] 0 [Flags] 2 [Guid] 1226254258 [EditorId] 1226254258 [Version] 1048832 [Id] WindowsEditor(7,note-PC) [Debug] 1 [PackageName] WindowsEditor [ProjectName] Editor" 

Player connection [20996] Host joined multi-casting on [225.0.0.222:54997]...
Player connection [20996] Host joined alternative multi-casting on [225.0.0.222:34997]...
JobSystem: Creating JobQueue using job-worker-count value 7
Input System module state changed to: Initialized.
[Physics::Module] Initialized fallback backend.
[Physics::Module] Id: 0xdecafbad
Library Redirect Path: Library/
[Physics::Module] Selected backend.
[Physics::Module] Name: PhysX
[Physics::Module] Id: 0xf2b8ea05
[Physics::Module] SDK Version: 4.1.2
[Physics::Module] Integration Version: 1.0.0
[Physics::Module] Threading Mode: Multi-Threaded
Refreshing native plugins compatible for Editor in 12.69 ms, found 5 plugins.
Initialize engine version: 6000.4.4f1 (360f97ecca93)
[Subsystems] Discovering subsystems at path C:/Program Files/Unity/Hub/Editor/6000.4.4f1/Editor/Data/Resources/UnitySubsystems
[Subsystems] Discovering subsystems at path C:/Users/Srs_i/game/never-land/never_land/never_land/Assets
Forcing GfxDevice: Direct3D 12
GfxDevice: creating device client; kGfxThreadingModeNonThreaded
d3d12: failed to query info queue interface (0x80004002).
Direct3D:
    Version:         Direct3D 12 [level 12.1]
    Renderer:        Intel(R) UHD Graphics (ID=0xa720)
    Vendor:          Intel
    VRAM:            8053 MB
    App VRAM Budget: 7395 MB
    Driver:          32.0.101.7082
    Unified Memory Architecture
    Cache Coherent UMA
Initialize mono
Mono path[0] = 'C:/Program Files/Unity/Hub/Editor/6000.4.4f1/Editor/Data/Managed'
Mono path[1] = 'C:/Program Files/Unity/Hub/Editor/6000.4.4f1/Editor/Data/MonoBleedingEdge/lib/mono/unityjit-win32'
Mono config path = 'C:/Program Files/Unity/Hub/Editor/6000.4.4f1/Editor/Data/MonoBleedingEdge/etc'
Using monoOptions --debugger-agent=transport=dt_socket,embedding=1,server=y,suspend=n,address=127.0.0.1:56408
CodeReloadManager initialized
Begin MonoManager ReloadAssembly
Registering precompiled unity dll's ...
Register platform support module: C:/Program Files/Unity/Hub/Editor/6000.4.4f1/Editor/Data/PlaybackEngines/WebGLSupport/UnityEditor.WebGL.Extensions.dll
Register platform support module: C:/Program Files/Unity/Hub/Editor/6000.4.4f1/Editor/Data/PlaybackEngines/WindowsStandaloneSupport/UnityEditor.WindowsStandalone.Extensions.dll
Registered in 0.003622 seconds.
[Licensing::Client] Error: HandshakeResponse reported an error:
	ResponseCode: 505
	ResponseStatus: Unsupported protocol version '1.18.1'.
[Licensing::Module] Error: Failed to handshake to channel: "LicenseClient-Srs_i"
[Licensing::IpcConnector] LicenseClient-Srs_i channel disconnected successfully.
[Licensing::IpcConnector] Successfully connected to: "LicenseClient-Srs_i-6000.4.4" at "2026-06-12T13:57:24.2019664Z"
Native extension for WindowsStandalone target not found
Native extension for WebGL target not found
Package Manager log level set to [2]
[Package Manager] Failed to launch server process. Reason: Unity was launched with the -noUpm command-line argument
[Package Manager] Unable to send message (not connected to server process).
[Package Manager] Cannot connect to Unity Package Manager local server
ScheduleIndexationOnStartup MainProcess:False IndexOnStartup:True
Mono: successfully reloaded assembly
- Finished resetting the current domain, in  0.967 seconds
Domain Reload Profiling: 2160ms
	BeginReloadAssembly (348ms)
	RebuildCommonClasses (89ms)
	RebuildNativeTypeToScriptingClass (33ms)
	initialDomainReloadingComplete (174ms)
	LoadAllAssembliesAndSetupDomain (546ms)
		LoadAssemblies (342ms)
		AnalyzeDomain (524ms)
			TypeCache.Refresh (520ms)
				TypeCache.ScanAssembly (479ms)
	FinalizeReload (969ms)
		SetupLoadedEditorAssemblies (0ms)
			InitializePlatformSupportModulesInManaged (118ms)
			BeforeProcessingInitializeOnLoad (217ms)
			ProcessInitializeOnLoadAttributes (262ms)
			ProcessInitializeOnLoadMethodAttributes (189ms)
========================================================================
Worker process is ready to serve import requests
Import Worker Mode flag is 0x00
Begin MonoManager ReloadAssembly
[Licensing::Module] Licensing is not yet initialized.
[Licensing::Client] Handshaking with LicensingClient:
  Version:                 1.18.1+9fbee8e
  Session Id:              071baefbe4b04dc3bd598df2e2480b4c
  Correlation Id:          35aadbdae3f64739565d41db5992f2a9
  External correlation Id: 7636433355113779668
  Machine Id:              cLUSgYiQouTSnKObfclpPaHBFf4=
[Licensing::Module] Successfully connected to LicensingClient on channel: "LicenseClient-Srs_i-6000.4.4" (connect: 0.00s, validation: 0.00s, handshake: 1.89s)
[Licensing::IpcConnector] Successfully connected to: "LicenseClient-Srs_i-6000.4.4-notifications" at "2026-06-12T13:57:26.0959675Z"
[Licensing::Module] Licensing Background thread has ended after 4.42s
[Licensing::Module] Licensing is initialized (took 0.33s).
[Licensing::Client] Successfully resolved entitlement details
[Licensing::Module] License group:
  Id: 15669694693547-UnityPersXXXX
  Product: Unity Personal
  Type: Assigned
  Expiration: Unlimited
Assembly Assembly-CSharp-Editor-firstpass.dll at Library/ScriptAssemblies/Assembly-CSharp-Editor-firstpass.dll not valid. Loading of assembly skipped.
Assembly Assembly-CSharp-Editor.dll at Library/ScriptAssemblies/Assembly-CSharp-Editor.dll not valid. Loading of assembly skipped.
Assembly Assembly-CSharp-firstpass.dll at Library/ScriptAssemblies/Assembly-CSharp-firstpass.dll not valid. Loading of assembly skipped.
Assembly Assembly-CSharp.dll at Library/ScriptAssemblies/Assembly-CSharp.dll not valid. Loading of assembly skipped.
Assembly DocCodeExamples.dll at Library/ScriptAssemblies/DocCodeExamples.dll not valid. Loading of assembly skipped.
Assembly TestNewCustomAssembly.dll at Library/ScriptAssemblies/TestNewCustomAssembly.dll not valid. Loading of assembly skipped.
Assembly Unity.2D.Animation.EditorTests.dll at Library/ScriptAssemblies/Unity.2D.Animation.EditorTests.dll not valid. Loading of assembly skipped.
Assembly Unity.2D.Aseprite.EditorTests.dll at Library/ScriptAssemblies/Unity.2D.Aseprite.EditorTests.dll not valid. Loading of assembly skipped.
Assembly Unity.2D.Common.EditorTests.dll at Library/ScriptAssemblies/Unity.2D.Common.EditorTests.dll not valid. Loading of assembly skipped.
Assembly Unity.2D.Psdimporter.EditorTests.dll at Library/ScriptAssemblies/Unity.2D.Psdimporter.EditorTests.dll not valid. Loading of assembly skipped.
Assembly Unity.2D.Sprite.Package.EditorTests.dll at Library/ScriptAssemblies/Unity.2D.Sprite.Package.EditorTests.dll not valid. Loading of assembly skipped.
Assembly Unity.2D.SpriteShape.EditorTests.dll at Library/ScriptAssemblies/Unity.2D.SpriteShape.EditorTests.dll not valid. Loading of assembly skipped.
Assembly Unity.2D.Tilemap.Package.EditorTests.dll at Library/ScriptAssemblies/Unity.2D.Tilemap.Package.EditorTests.dll not valid. Loading of assembly skipped.
Assembly Unity.Collections.BurstCompatibilityGen.dll at Library/ScriptAssemblies/Unity.Collections.BurstCompatibilityGen.dll not valid. Loading of assembly skipped.
Assembly Unity.Collections.DocCodeSamples.dll at Library/ScriptAssemblies/Unity.Collections.DocCodeSamples.dll not valid. Loading of assembly skipped.
Assembly Unity.Collections.PerformanceTests.dll at Library/ScriptAssemblies/Unity.Collections.PerformanceTests.dll not valid. Loading of assembly skipped.
Assembly Unity.Collections.Tests.dll at Library/ScriptAssemblies/Unity.Collections.Tests.dll not valid. Loading of assembly skipped.
Assembly Unity.Collections.Tests.Playmode.dll at Library/ScriptAssemblies/Unity.Collections.Tests.Playmode.dll not valid. Loading of assembly skipped.
Assembly Unity.InputSystem.IntegrationTests.dll at Library/ScriptAssemblies/Unity.InputSystem.IntegrationTests.dll not valid. Loading of assembly skipped.
Assembly Unity.Mathematics.Tests.dll at Library/ScriptAssemblies/Unity.Mathematics.Tests.dll not valid. Loading of assembly skipped.
Assembly Unity.Multiplayer.Center.Editor.Tests.dll at Library/ScriptAssemblies/Unity.Multiplayer.Center.Editor.Tests.dll not valid. Loading of assembly skipped.
Assembly Unity.Multiplayer.Center.Tests.dll at Library/ScriptAssemblies/Unity.Multiplayer.Center.Tests.dll not valid. Loading of assembly skipped.
Assembly Unity.Nuget.Mono-Cecil.dll at Library/ScriptAssemblies/Unity.Nuget.Mono-Cecil.dll not valid. Loading of assembly skipped.
Assembly Unity.PathTracing.Editor.Tests.dll at Library/ScriptAssemblies/Unity.PathTracing.Editor.Tests.dll not valid. Loading of assembly skipped.
Assembly Unity.PathTracing.Runtime.Tests.dll at Library/ScriptAssemblies/Unity.PathTracing.Runtime.Tests.dll not valid. Loading of assembly skipped.
Assembly Unity.RenderPipelines.Core.Editor.Tests.dll at Library/ScriptAssemblies/Unity.RenderPipelines.Core.Editor.Tests.dll not valid. Loading of assembly skipped.
Assembly Unity.RenderPipelines.Core.Runtime.Tests.dll at Library/ScriptAssemblies/Unity.RenderPipelines.Core.Runtime.Tests.dll not valid. Loading of assembly skipped.
Assembly Unity.RenderPipelines.Universal.Config.Editor.Tests.dll at Library/ScriptAssemblies/Unity.RenderPipelines.Universal.Config.Editor.Tests.dll not valid. Loading of assembly skipped.
Assembly Unity.RenderPipelines.Universal.Editor.Tests.dll at Library/ScriptAssemblies/Unity.RenderPipelines.Universal.Editor.Tests.dll not valid. Loading of assembly skipped.
Assembly Unity.RenderPipelines.Universal.Runtime.Tests.dll at Library/ScriptAssemblies/Unity.RenderPipelines.Universal.Runtime.Tests.dll not valid. Loading of assembly skipped.
Assembly Unity.Searcher.EditorTests.dll at Library/ScriptAssemblies/Unity.Searcher.EditorTests.dll not valid. Loading of assembly skipped.
Assembly Unity.ShaderGraph.Editor.Tests.dll at Library/ScriptAssemblies/Unity.ShaderGraph.Editor.Tests.dll not valid. Loading of assembly skipped.
Assembly Unity.TextMeshPro.Editor.Tests.dll at Library/ScriptAssemblies/Unity.TextMeshPro.Editor.Tests.dll not valid. Loading of assembly skipped.
Assembly Unity.TextMeshPro.Tests.dll at Library/ScriptAssemblies/Unity.TextMeshPro.Tests.dll not valid. Loading of assembly skipped.
Assembly Unity.UnifiedRayTracing.Editor.Tests.dll at Library/ScriptAssemblies/Unity.UnifiedRayTracing.Editor.Tests.dll not valid. Loading of assembly skipped.
Assembly UnityEditor.UI.Common.Tests.dll at Library/ScriptAssemblies/UnityEditor.UI.Common.Tests.dll not valid. Loading of assembly skipped.
Assembly UnityEditor.UI.EditorTests.dll at Library/ScriptAssemblies/UnityEditor.UI.EditorTests.dll not valid. Loading of assembly skipped.
Assembly UnityEngine.UI.Tests.dll at Library/ScriptAssemblies/UnityEngine.UI.Tests.dll not valid. Loading of assembly skipped.
Refreshing native plugins compatible for Editor in 5.94 ms, found 5 plugins.
Native extension for WindowsStandalone target not found
Native extension for WebGL target not found
[Package Manager] Failed to launch server process. Reason: Unity was launched with the -noUpm command-line argument
[Package Manager] Unable to send message (not connected to server process).
[Package Manager] Cannot connect to Unity Package Manager local server
Refreshing native plugins compatible for Editor in 3.65 ms, found 5 plugins.
[Package Manager] Failed to launch server process. Reason: Unity was launched with the -noUpm command-line argument
[Package Manager] Unable to send message (not connected to server process).
[Package Manager] Cannot connect to Unity Package Manager local server
ScheduleIndexationOnStartup MainProcess:False IndexOnStartup:True
Mono: successfully reloaded assembly
- Finished resetting the current domain, in  1.656 seconds
Domain Reload Profiling: 3689ms
	BeginReloadAssembly (681ms)
		DisableScriptedObjects (13ms)
		CreateAndSetChildDomain (61ms)
	RebuildCommonClasses (79ms)
	RebuildNativeTypeToScriptingClass (20ms)
	initialDomainReloadingComplete (154ms)
	LoadAllAssembliesAndSetupDomain (1100ms)
		LoadAssemblies (775ms)
		AnalyzeDomain (524ms)
			TypeCache.Refresh (348ms)
				TypeCache.ScanAssembly (319ms)
			BuildScriptInfoCaches (159ms)
			ResolveRequiredComponents (14ms)
	FinalizeReload (1657ms)
		SetupLoadedEditorAssemblies (0ms)
			InitializePlatformSupportModulesInManaged (7ms)
			BeforeProcessingInitializeOnLoad (296ms)
			ProcessInitializeOnLoadAttributes (758ms)
			ProcessInitializeOnLoadMethodAttributes (226ms)
			AfterProcessingInitializeOnLoad (13ms)
		AwakeInstancesAfterBackupRestoration (8ms)
Launched and connected shader compiler UnityShaderCompiler.exe after 0.02 seconds
Refreshing native plugins compatible for Editor in 2.70 ms, found 5 plugins.
Unloading 24 Unused Serialized files (Serialized files now loaded: 0)
Unloading 7263 unused Assets / (5.7 MB). Loaded Objects now: 8087.
Memory consumption went from 167.5 MB to 161.9 MB.
Total: 11.710900 ms (FindLiveObjects: 1.679700 ms CreateObjectMapping: 0.443900 ms MarkObjects: 7.146700 ms  DeleteObjects: 2.435700 ms)

========================================================================
Received Import Request.
  Time since last request: 103914.676598 seconds.
  path: Assets/Scenes/SampleScene.unity
  importAddress: Guid(8c9cfa26abfee488c85f1582747f6a02) Importer(2089858483,b0f066a214c2f5e87bad3c948f4d605d)
Start importing Assets/Scenes/SampleScene.unity using Guid(8c9cfa26abfee488c85f1582747f6a02) Importer(2089858483,b0f066a214c2f5e87bad3c948f4d605d) (ScriptedImporter) -> (Import Result ID: '194aad88b4c54c4864ef9286cf114a2d') in 0.1449966 seconds [static and dynamic dependencies]. Details - ImportResultOutputID=eaa8ce39c17097105044ab6d888559ac DependenciesID=7ece1b0a87f34ddc52f9de233ec1ba84 StaticDependenciesID=a05e1b03ea82233499ea2800af9acad2 
Number of updated asset objects reloaded before import = 2Number of asset objects unloaded after import = 1

========================================================================
Received Import Request.
  Time since last request: 0.000050 seconds.
  path: Assets/Settings/Renderer2D.asset
  importAddress: Guid(424799608f7334c24bf367e4bbfa7f9a) Importer(2089858483,b0f066a214c2f5e87bad3c948f4d605d)
Start importing Assets/Settings/Renderer2D.asset using Guid(424799608f7334c24bf367e4bbfa7f9a) Importer(2089858483,b0f066a214c2f5e87bad3c948f4d605d) (ScriptedImporter) -> (Import Result ID: '07cfd25b6daa472bf930b41d11a74db4') in 0.1357314 seconds [static and dynamic dependencies]. Details - ImportResultOutputID=ddbd48679001be8acbf6b4a16cbd25d6 DependenciesID=5c4b31781b40fbb2f5ba539dc43b66c4 StaticDependenciesID=4b7b53e8c7d672203dc2d202b60d9c45 
Number of updated asset objects reloaded before import = 0Number of asset objects unloaded after import = 1

========================================================================
Received Import Request.
  Time since last request: 0.000087 seconds.
  path: Assets/Settings/UniversalRP.asset
  importAddress: Guid(681886c5eb7344803b6206f758bf0b1c) Importer(2089858483,b0f066a214c2f5e87bad3c948f4d605d)
Start importing Assets/Settings/UniversalRP.asset using Guid(681886c5eb7344803b6206f758bf0b1c) Importer(2089858483,b0f066a214c2f5e87bad3c948f4d605d) (ScriptedImporter) -> (Import Result ID: '7a50e25015c750f75067d931a4ce363c') in 0.1079397 seconds [static and dynamic dependencies]. Details - ImportResultOutputID=5d135e018e09e280667aa28f47c7f335 DependenciesID=c326714bb27f0132c5e4682bda7c975d StaticDependenciesID=fafcc4742f6b9c75fa1a9ea7b723ead2 
Number of updated asset objects reloaded before import = 0Number of asset objects unloaded after import = 1

========================================================================
Received Prepare
Couldn't register non-exiting asset root folder: 'Assets'
AssetDatabase failed to register asset folder Assets
Begin MonoManager ReloadAssembly
[Licensing::Client] Successfully resolved entitlement details
Assembly Assembly-CSharp-Editor-firstpass.dll at Library/ScriptAssemblies/Assembly-CSharp-Editor-firstpass.dll not valid. Loading of assembly skipped.
Assembly Assembly-CSharp-Editor.dll at Library/ScriptAssemblies/Assembly-CSharp-Editor.dll not valid. Loading of assembly skipped.
Assembly Assembly-CSharp-firstpass.dll at Library/ScriptAssemblies/Assembly-CSharp-firstpass.dll not valid. Loading of assembly skipped.
Assembly Assembly-CSharp.dll at Library/ScriptAssemblies/Assembly-CSharp.dll not valid. Loading of assembly skipped.
Assembly DocCodeExamples.dll at Library/ScriptAssemblies/DocCodeExamples.dll not valid. Loading of assembly skipped.
Assembly PsdPlugin.dll at Library/ScriptAssemblies/PsdPlugin.dll not valid. Loading of assembly skipped.
Assembly ScriptablePacker.dll at Library/ScriptAssemblies/ScriptablePacker.dll not valid. Loading of assembly skipped.
Assembly TestNewCustomAssembly.dll at Library/ScriptAssemblies/TestNewCustomAssembly.dll not valid. Loading of assembly skipped.
Assembly Unity.2D.Animation.Editor.dll at Library/ScriptAssemblies/Unity.2D.Animation.Editor.dll not valid. Loading of assembly skipped.
Assembly Unity.2D.Animation.EditorTests.dll at Library/ScriptAssemblies/Unity.2D.Animation.EditorTests.dll not valid. Loading of assembly skipped.
Assembly Unity.2D.Animation.Runtime.dll at Library/ScriptAssemblies/Unity.2D.Animation.Runtime.dll not valid. Loading of assembly skipped.
Assembly Unity.2D.Aseprite.Common.dll at Library/ScriptAssemblies/Unity.2D.Aseprite.Common.dll not valid. Loading of assembly skipped.
Assembly Unity.2D.Aseprite.Editor.dll at Library/ScriptAssemblies/Unity.2D.Aseprite.Editor.dll not valid. Loading of assembly skipped.
Assembly Unity.2D.Aseprite.EditorTests.dll at Library/ScriptAssemblies/Unity.2D.Aseprite.EditorTests.dll not valid. Loading of assembly skipped.
Assembly Unity.2D.Common.Editor.dll at Library/ScriptAssemblies/Unity.2D.Common.Editor.dll not valid. Loading of assembly skipped.
Assembly Unity.2D.Common.EditorTests.dll at Library/ScriptAssemblies/Unity.2D.Common.EditorTests.dll not valid. Loading of assembly skipped.
Assembly Unity.2D.Common.Path.Editor.dll at Library/ScriptAssemblies/Unity.2D.Common.Path.Editor.dll not valid. Loading of assembly skipped.
Assembly Unity.2D.Common.Runtime.dll at Library/ScriptAssemblies/Unity.2D.Common.Runtime.dll not valid. Loading of assembly skipped.
Assembly Unity.2D.IK.Editor.dll at Library/ScriptAssemblies/Unity.2D.IK.Editor.dll not valid. Loading of assembly skipped.
Assembly Unity.2D.IK.Runtime.dll at Library/ScriptAssemblies/Unity.2D.IK.Runtime.dll not valid. Loading of assembly skipped.
Assembly Unity.2D.Psdimporter.Editor.dll at Library/ScriptAssemblies/Unity.2D.Psdimporter.Editor.dll not valid. Loading of assembly skipped.
Assembly Unity.2D.Psdimporter.EditorTests.dll at Library/ScriptAssemblies/Unity.2D.Psdimporter.EditorTests.dll not valid. Loading of assembly skipped.
Assembly Unity.2D.Sprite.Editor.dll at Library/ScriptAssemblies/Unity.2D.Sprite.Editor.dll not valid. Loading of assembly skipped.
Assembly Unity.2D.Sprite.Package.EditorTests.dll at Library/ScriptAssemblies/Unity.2D.Sprite.Package.EditorTests.dll not valid. Loading of assembly skipped.
Assembly Unity.2D.SpriteShape.Editor.dll at Library/ScriptAssemblies/Unity.2D.SpriteShape.Editor.dll not valid. Loading of assembly skipped.
Assembly Unity.2D.SpriteShape.EditorTests.dll at Library/ScriptAssemblies/Unity.2D.SpriteShape.EditorTests.dll not valid. Loading of assembly skipped.
Assembly Unity.2D.SpriteShape.Runtime.dll at Library/ScriptAssemblies/Unity.2D.SpriteShape.Runtime.dll not valid. Loading of assembly skipped.
Assembly Unity.2D.Tilemap.Editor.dll at Library/ScriptAssemblies/Unity.2D.Tilemap.Editor.dll not valid. Loading of assembly skipped.
Assembly Unity.2D.Tilemap.Extras.dll at Library/ScriptAssemblies/Unity.2D.Tilemap.Extras.dll not valid. Loading of assembly skipped.
Assembly Unity.2D.Tilemap.Extras.Editor.dll at Library/ScriptAssemblies/Unity.2D.Tilemap.Extras.Editor.dll not valid. Loading of assembly skipped.
Assembly Unity.2D.Tilemap.Package.EditorTests.dll at Library/ScriptAssemblies/Unity.2D.Tilemap.Package.EditorTests.dll not valid. Loading of assembly skipped.
Assembly Unity.2D.Tooling.Editor.dll at Library/ScriptAssemblies/Unity.2D.Tooling.Editor.dll not valid. Loading of assembly skipped.
Assembly Unity.2D.Triangulation.Runtime.dll at Library/ScriptAssemblies/Unity.2D.Triangulation.Runtime.dll not valid. Loading of assembly skipped.
Assembly Unity.Burst.CodeGen.dll at Library/ScriptAssemblies/Unity.Burst.CodeGen.dll not valid. Loading of assembly skipped.
Assembly Unity.Burst.dll at Library/ScriptAssemblies/Unity.Burst.dll not valid. Loading of assembly skipped.
Assembly Unity.Burst.Editor.dll at Library/ScriptAssemblies/Unity.Burst.Editor.dll not valid. Loading of assembly skipped.
Assembly Unity.CollabProxy.Editor.dll at Library/ScriptAssemblies/Unity.CollabProxy.Editor.dll not valid. Loading of assembly skipped.
Assembly Unity.Collections.BurstCompatibilityGen.dll at Library/ScriptAssemblies/Unity.Collections.BurstCompatibilityGen.dll not valid. Loading of assembly skipped.
Assembly Unity.Collections.CodeGen.dll at Library/ScriptAssemblies/Unity.Collections.CodeGen.dll not valid. Loading of assembly skipped.
Assembly Unity.Collections.dll at Library/ScriptAssemblies/Unity.Collections.dll not valid. Loading of assembly skipped.
Assembly Unity.Collections.DocCodeSamples.dll at Library/ScriptAssemblies/Unity.Collections.DocCodeSamples.dll not valid. Loading of assembly skipped.
Assembly Unity.Collections.Editor.dll at Library/ScriptAssemblies/Unity.Collections.Editor.dll not valid. Loading of assembly skipped.
Assembly Unity.Collections.PerformanceTests.dll at Library/ScriptAssemblies/Unity.Collections.PerformanceTests.dll not valid. Loading of assembly skipped.
Assembly Unity.Collections.Tests.dll at Library/ScriptAssemblies/Unity.Collections.Tests.dll not valid. Loading of assembly skipped.
Assembly Unity.Collections.Tests.Playmode.dll at Library/ScriptAssemblies/Unity.Collections.Tests.Playmode.dll not valid. Loading of assembly skipped.
Assembly Unity.InputSystem.dll at Library/ScriptAssemblies/Unity.InputSystem.dll not valid. Loading of assembly skipped.
Assembly Unity.InputSystem.DocCodeSamples.dll at Library/ScriptAssemblies/Unity.InputSystem.DocCodeSamples.dll not valid. Loading of assembly skipped.
Assembly Unity.InputSystem.ForUI.dll at Library/ScriptAssemblies/Unity.InputSystem.ForUI.dll not valid. Loading of assembly skipped.
Assembly Unity.InputSystem.IntegrationTests.dll at Library/ScriptAssemblies/Unity.InputSystem.IntegrationTests.dll not valid. Loading of assembly skipped.
Assembly Unity.InputSystem.TestFramework.dll at Library/ScriptAssemblies/Unity.InputSystem.TestFramework.dll not valid. Loading of assembly skipped.
Assembly Unity.InternalAPIEditorBridge.001.dll at Library/ScriptAssemblies/Unity.InternalAPIEditorBridge.001.dll not valid. Loading of assembly skipped.
Assembly Unity.InternalAPIEditorBridge.ShaderGraph.Editor.dll at Library/ScriptAssemblies/Unity.InternalAPIEditorBridge.ShaderGraph.Editor.dll not valid. Loading of assembly skipped.
Assembly Unity.InternalAPIEngineBridge.001.dll at Library/ScriptAssemblies/Unity.InternalAPIEngineBridge.001.dll not valid. Loading of assembly skipped.
Assembly Unity.InternalAPIEngineBridge.004.dll at Library/ScriptAssemblies/Unity.InternalAPIEngineBridge.004.dll not valid. Loading of assembly skipped.
Assembly Unity.InternalAPIEngineBridge.RenderPipelines.Core.Runtime.Shared.dll at Library/ScriptAssemblies/Unity.InternalAPIEngineBridge.RenderPipelines.Core.Runtime.Shared.dll not valid. Loading of assembly skipped.
Assembly Unity.Mathematics.dll at Library/ScriptAssemblies/Unity.Mathematics.dll not valid. Loading of assembly skipped.
Assembly Unity.Mathematics.Editor.dll at Library/ScriptAssemblies/Unity.Mathematics.Editor.dll not valid. Loading of assembly skipped.
Assembly Unity.Mathematics.Tests.dll at Library/ScriptAssemblies/Unity.Mathematics.Tests.dll not valid. Loading of assembly skipped.
Assembly Unity.Multiplayer.Center.Editor.Tests.dll at Library/ScriptAssemblies/Unity.Multiplayer.Center.Editor.Tests.dll not valid. Loading of assembly skipped.
Assembly Unity.Multiplayer.Center.Tests.dll at Library/ScriptAssemblies/Unity.Multiplayer.Center.Tests.dll not valid. Loading of assembly skipped.
Assembly Unity.Nuget.Mono-Cecil.dll at Library/ScriptAssemblies/Unity.Nuget.Mono-Cecil.dll not valid. Loading of assembly skipped.
Assembly Unity.PathTracing.Editor.dll at Library/ScriptAssemblies/Unity.PathTracing.Editor.dll not valid. Loading of assembly skipped.
Assembly Unity.PathTracing.Editor.Tests.dll at Library/ScriptAssemblies/Unity.PathTracing.Editor.Tests.dll not valid. Loading of assembly skipped.
Assembly Unity.PathTracing.Runtime.dll at Library/ScriptAssemblies/Unity.PathTracing.Runtime.dll not valid. Loading of assembly skipped.
Assembly Unity.PathTracing.Runtime.Tests.dll at Library/ScriptAssemblies/Unity.PathTracing.Runtime.Tests.dll not valid. Loading of assembly skipped.
Assembly Unity.PerformanceTesting.dll at Library/ScriptAssemblies/Unity.PerformanceTesting.dll not valid. Loading of assembly skipped.
Assembly Unity.PerformanceTesting.Editor.dll at Library/ScriptAssemblies/Unity.PerformanceTesting.Editor.dll not valid. Loading of assembly skipped.
Assembly Unity.PlasticSCM.Editor.dll at Library/ScriptAssemblies/Unity.PlasticSCM.Editor.dll not valid. Loading of assembly skipped.
Assembly Unity.PlasticSCM.Editor.Entities.dll at Library/ScriptAssemblies/Unity.PlasticSCM.Editor.Entities.dll not valid. Loading of assembly skipped.
Assembly Unity.Rendering.LightTransport.Editor.dll at Library/ScriptAssemblies/Unity.Rendering.LightTransport.Editor.dll not valid. Loading of assembly skipped.
Assembly Unity.RenderPipeline.Universal.ShaderLibrary.dll at Library/ScriptAssemblies/Unity.RenderPipeline.Universal.ShaderLibrary.dll not valid. Loading of assembly skipped.
Assembly Unity.RenderPipelines.Core.Editor.dll at Library/ScriptAssemblies/Unity.RenderPipelines.Core.Editor.dll not valid. Loading of assembly skipped.
Assembly Unity.RenderPipelines.Core.Editor.Shared.dll at Library/ScriptAssemblies/Unity.RenderPipelines.Core.Editor.Shared.dll not valid. Loading of assembly skipped.
Assembly Unity.RenderPipelines.Core.Editor.Tests.dll at Library/ScriptAssemblies/Unity.RenderPipelines.Core.Editor.Tests.dll not valid. Loading of assembly skipped.
Assembly Unity.RenderPipelines.Core.Runtime.dll at Library/ScriptAssemblies/Unity.RenderPipelines.Core.Runtime.dll not valid. Loading of assembly skipped.
Assembly Unity.RenderPipelines.Core.Runtime.Shared.dll at Library/ScriptAssemblies/Unity.RenderPipelines.Core.Runtime.Shared.dll not valid. Loading of assembly skipped.
Assembly Unity.RenderPipelines.Core.Runtime.Tests.dll at Library/ScriptAssemblies/Unity.RenderPipelines.Core.Runtime.Tests.dll not valid. Loading of assembly skipped.
Assembly Unity.RenderPipelines.Core.ShaderLibrary.dll at Library/ScriptAssemblies/Unity.RenderPipelines.Core.ShaderLibrary.dll not valid. Loading of assembly skipped.
Assembly Unity.RenderPipelines.GPUDriven.Runtime.dll at Library/ScriptAssemblies/Unity.RenderPipelines.GPUDriven.Runtime.dll not valid. Loading of assembly skipped.
Assembly Unity.RenderPipelines.ShaderGraph.ShaderGraphLibrary.dll at Library/ScriptAssemblies/Unity.RenderPipelines.ShaderGraph.ShaderGraphLibrary.dll not valid. Loading of assembly skipped.
Assembly Unity.RenderPipelines.Universal.2D.Editor.Overrides.dll at Library/ScriptAssemblies/Unity.RenderPipelines.Universal.2D.Editor.Overrides.dll not valid. Loading of assembly skipped.
Assembly Unity.RenderPipelines.Universal.2D.Runtime.dll at Library/ScriptAssemblies/Unity.RenderPipelines.Universal.2D.Runtime.dll not valid. Loading of assembly skipped.
Assembly Unity.RenderPipelines.Universal.Config.Editor.Tests.dll at Library/ScriptAssemblies/Unity.RenderPipelines.Universal.Config.Editor.Tests.dll not valid. Loading of assembly skipped.
Assembly Unity.RenderPipelines.Universal.Config.Runtime.dll at Library/ScriptAssemblies/Unity.RenderPipelines.Universal.Config.Runtime.dll not valid. Loading of assembly skipped.
Assembly Unity.RenderPipelines.Universal.Editor.dll at Library/ScriptAssemblies/Unity.RenderPipelines.Universal.Editor.dll not valid. Loading of assembly skipped.
Assembly Unity.RenderPipelines.Universal.Editor.Tests.dll at Library/ScriptAssemblies/Unity.RenderPipelines.Universal.Editor.Tests.dll not valid. Loading of assembly skipped.
Assembly Unity.RenderPipelines.Universal.Runtime.dll at Library/ScriptAssemblies/Unity.RenderPipelines.Universal.Runtime.dll not valid. Loading of assembly skipped.
Assembly Unity.RenderPipelines.Universal.Runtime.Tests.dll at Library/ScriptAssemblies/Unity.RenderPipelines.Universal.Runtime.Tests.dll not valid. Loading of assembly skipped.
Assembly Unity.RenderPipelines.Universal.Shaders.dll at Library/ScriptAssemblies/Unity.RenderPipelines.Universal.Shaders.dll not valid. Loading of assembly skipped.
Assembly Unity.Rider.Editor.dll at Library/ScriptAssemblies/Unity.Rider.Editor.dll not valid. Loading of assembly skipped.
Assembly Unity.Searcher.Editor.dll at Library/ScriptAssemblies/Unity.Searcher.Editor.dll not valid. Loading of assembly skipped.
Assembly Unity.Searcher.EditorTests.dll at Library/ScriptAssemblies/Unity.Searcher.EditorTests.dll not valid. Loading of assembly skipped.
Assembly Unity.ShaderGraph.Editor.dll at Library/ScriptAssemblies/Unity.ShaderGraph.Editor.dll not valid. Loading of assembly skipped.
Assembly Unity.ShaderGraph.Editor.Tests.dll at Library/ScriptAssemblies/Unity.ShaderGraph.Editor.Tests.dll not valid. Loading of assembly skipped.
Assembly Unity.ShaderGraph.Utilities.dll at Library/ScriptAssemblies/Unity.ShaderGraph.Utilities.dll not valid. Loading of assembly skipped.
Assembly Unity.SurfaceCache.Runtime.dll at Library/ScriptAssemblies/Unity.SurfaceCache.Runtime.dll not valid. Loading of assembly skipped.
Assembly Unity.TextMeshPro.dll at Library/ScriptAssemblies/Unity.TextMeshPro.dll not valid. Loading of assembly skipped.
Assembly Unity.TextMeshPro.Editor.dll at Library/ScriptAssemblies/Unity.TextMeshPro.Editor.dll not valid. Loading of assembly skipped.
Assembly Unity.TextMeshPro.Editor.Tests.dll at Library/ScriptAssemblies/Unity.TextMeshPro.Editor.Tests.dll not valid. Loading of assembly skipped.
Assembly Unity.TextMeshPro.Tests.dll at Library/ScriptAssemblies/Unity.TextMeshPro.Tests.dll not valid. Loading of assembly skipped.
Assembly Unity.Timeline.dll at Library/ScriptAssemblies/Unity.Timeline.dll not valid. Loading of assembly skipped.
Assembly Unity.Timeline.Editor.dll at Library/ScriptAssemblies/Unity.Timeline.Editor.dll not valid. Loading of assembly skipped.
Assembly Unity.UnifiedRayTracing.Editor.Tests.dll at Library/ScriptAssemblies/Unity.UnifiedRayTracing.Editor.Tests.dll not valid. Loading of assembly skipped.
Assembly Unity.UnifiedRayTracing.Runtime.dll at Library/ScriptAssemblies/Unity.UnifiedRayTracing.Runtime.dll not valid. Loading of assembly skipped.
Assembly Unity.VisualScripting.Core.dll at Library/ScriptAssemblies/Unity.VisualScripting.Core.dll not valid. Loading of assembly skipped.
Assembly Unity.VisualScripting.Core.Editor.dll at Library/ScriptAssemblies/Unity.VisualScripting.Core.Editor.dll not valid. Loading of assembly skipped.
Assembly Unity.VisualScripting.DocCodeExamples.dll at Library/ScriptAssemblies/Unity.VisualScripting.DocCodeExamples.dll not valid. Loading of assembly skipped.
Assembly Unity.VisualScripting.Flow.dll at Library/ScriptAssemblies/Unity.VisualScripting.Flow.dll not valid. Loading of assembly skipped.
Assembly Unity.VisualScripting.Flow.Editor.dll at Library/ScriptAssemblies/Unity.VisualScripting.Flow.Editor.dll not valid. Loading of assembly skipped.
Assembly Unity.VisualScripting.SettingsProvider.Editor.dll at Library/ScriptAssemblies/Unity.VisualScripting.SettingsProvider.Editor.dll not valid. Loading of assembly skipped.
Assembly Unity.VisualScripting.Shared.Editor.dll at Library/ScriptAssemblies/Unity.VisualScripting.Shared.Editor.dll not valid. Loading of assembly skipped.
Assembly Unity.VisualScripting.State.dll at Library/ScriptAssemblies/Unity.VisualScripting.State.dll not valid. Loading of assembly skipped.
Assembly Unity.VisualScripting.State.Editor.dll at Library/ScriptAssemblies/Unity.VisualScripting.State.Editor.dll not valid. Loading of assembly skipped.
Assembly Unity.VisualStudio.Editor.dll at Library/ScriptAssemblies/Unity.VisualStudio.Editor.dll not valid. Loading of assembly skipped.
Assembly UnityEditor.TestRunner.dll at Library/ScriptAssemblies/UnityEditor.TestRunner.dll not valid. Loading of assembly skipped.
Assembly UnityEditor.UI.Analytics.dll at Library/ScriptAssemblies/UnityEditor.UI.Analytics.dll not valid. Loading of assembly skipped.
Assembly UnityEditor.UI.Common.Tests.dll at Library/ScriptAssemblies/UnityEditor.UI.Common.Tests.dll not valid. Loading of assembly skipped.
Assembly UnityEditor.UI.dll at Library/ScriptAssemblies/UnityEditor.UI.dll not valid. Loading of assembly skipped.
Assembly UnityEditor.UI.EditorTests.dll at Library/ScriptAssemblies/UnityEditor.UI.EditorTests.dll not valid. Loading of assembly skipped.
Assembly UnityEngine.TestRunner.dll at Library/ScriptAssemblies/UnityEngine.TestRunner.dll not valid. Loading of assembly skipped.
Assembly UnityEngine.UI.dll at Library/ScriptAssemblies/UnityEngine.UI.dll not valid. Loading of assembly skipped.
Assembly UnityEngine.UI.Tests.dll at Library/ScriptAssemblies/UnityEngine.UI.Tests.dll not valid. Loading of assembly skipped.
Native extension for WindowsStandalone target not found
Native extension for WebGL target not found
[Package Manager] Failed to launch server process. Reason: Unity was launched with the -noUpm command-line argument
[Package Manager] Unable to send message (not connected to server process).
[Package Manager] Cannot connect to Unity Package Manager local server
ScheduleIndexationOnStartup MainProcess:False IndexOnStartup:False
Mono: successfully reloaded assembly
- Finished resetting the current domain, in  0.399 seconds
Domain Reload Profiling: 1024ms
	BeginReloadAssembly (234ms)
		DisableScriptedObjects (11ms)
		CreateAndSetChildDomain (58ms)
	RebuildCommonClasses (71ms)
	RebuildNativeTypeToScriptingClass (21ms)
	initialDomainReloadingComplete (93ms)
	LoadAllAssembliesAndSetupDomain (205ms)
		LoadAssemblies (273ms)
		AnalyzeDomain (31ms)
			TypeCache.Refresh (16ms)
				TypeCache.ScanAssembly (3ms)
			BuildScriptInfoCaches (13ms)
	FinalizeReload (400ms)
		SetupLoadedEditorAssemblies (0ms)
			BeforeProcessingInitializeOnLoad (142ms)
			ProcessInitializeOnLoadAttributes (81ms)
			ProcessInitializeOnLoadMethodAttributes (36ms)
			AfterProcessingInitializeOnLoad (6ms)
		AwakeInstancesAfterBackupRestoration (6ms)
Unloading 0 Unused Serialized files (Serialized files now loaded: 0)
Unloading 216 unused Assets / (5.9 MB). Loaded Objects now: 798.
Memory consumption went from 127.2 MB to 121.4 MB.
Total: 5.232000 ms (FindLiveObjects: 0.088100 ms CreateObjectMapping: 0.013400 ms MarkObjects: 3.614800 ms  DeleteObjects: 1.514400 ms)

Prepare: number of updated asset objects reloaded= 115
========================================================================
Received Prepare
Unloading 0 Unused Serialized files (Serialized files now loaded: 0)
Unloading 0 unused Assets / (0 B). Loaded Objects now: 683.
Memory consumption went from 107.9 MB to 107.9 MB.
Total: 5.105800 ms (FindLiveObjects: 0.092500 ms CreateObjectMapping: 0.007300 ms MarkObjects: 4.993500 ms  DeleteObjects: 0.009900 ms)

Prepare: number of updated asset objects reloaded= 0
